// Jest Snapshot v1, https://jestjs.io/docs/snapshot-testing

exports[`CardRecommendProduct Snapshot testing matches snapshot 1`] = `
<div
  class="  w-[70%] h-[400px] rounded-lg overflow-hidden flex flex-col mx-auto"
>
  <div
    class="w-full h-40 relative"
  >
    <div
      class="absolute w-full h-full top-0 p-3 flex justify-between items-start"
    >
      <p
        class="text-xs sm:text-base bg-blue1-custom px-3 py-1 rounded-md font-semibold text-gray-custom-text"
      >
        Ahorro e inversión
      </p>
      <div>
        <img
          alt=""
          class="w-7"
          src="/mock-icon-heart-like-green.svg"
        />
      </div>
    </div>
    <img
      alt="image_family"
      class="w-full h-full object-cover"
      src="/mock-image-family-pet.jpg"
    />
  </div>
  <div
    class="flex-1 bg-white flex flex-col justify-between"
  >
    <div
      class="p-4"
    >
      <p
        class="text-gray-custom-text text-sm sm:text-base"
      >
        ¡Fondo de inversión Colectiva,
         
        <b>
          la acción para potenciar tu capital y hacer real tu objetivo!
        </b>
      </p>
      <p
        class="text-primary-custom underline text-sm my-3 sm:text-base hover:text-primary-hover-custom transition ease-in duration-150 cursor-pointer"
      >
        Conoce más
      </p>
      <div
        class=" flex items-start gap-3"
      >
        <img
          alt="icon_world"
          src="/mock-icon-world-blue-sm.svg"
        />
        <p
          class="text-sm sm:text-base text-gray-custom-text"
        >
          Rentabilidades mínimas del 
          <b>
            3% anuales
          </b>
        </p>
      </div>
      <div
        class="mt-2 flex items-start gap-3"
      >
        <img
          alt="icon_profile"
          src="/mock-icon-profile-blue-sm.svg"
        />
        <p
          class="text-sm sm:text-base text-gray-custom-text"
        >
          <b>
            4.000 clientes
          </b>
           confían en este producto
        </p>
      </div>
    </div>
    <div
      class="h-1.5 bg-gray4-custom"
    />
  </div>
</div>
`;
